// Vitest Snapshot v1, https://vitest.dev/guide/snapshot.html

exports[`CardComposer 테스트 > 스냅샷 테스트 1`] = `
{
  "getByLabelText": [Function],
  "getByPlaceholderText": [Function],
  "getByText": [Function],
}
`;
